I'm sorry, but errors were detected in your script. Please correct the
errors listed below, and try again.


File "game/options.rpy", line 89: invalid syntax
    else if (musicElect == 4 or musicElect == 7 or musicElect == 8): 
          ^

Ren'Py Version: Ren'Py 8.3.4.24120703
Sat Dec 28 11:06:44 2024
